WARNING: A restricted method in java.lang.System has been called
WARNING: java.lang.System::load has been called by org.fusesource.jansi.internal.JansiLoader in an unnamed module (file:/C:/Program%20Files/Maven/apache-maven-3.9.9/lib/jansi-2.4.1.jar)
WARNING: Use --enable-native-access=ALL-UNNAMED to avoid a warning for callers in this module
WARNING: Restricted methods will be blocked in a future release unless native access is enabled

WARNING: A terminally deprecated method in sun.misc.Unsafe has been called
WARNING: sun.misc.Unsafe::objectFieldOffset has been called by com.google.common.util.concurrent.AbstractFuture$UnsafeAtomicHelper (file:/C:/Program%20Files/Maven/apache-maven-3.9.9/lib/guava-33.2.1-jre.jar)
WARNING: Please consider reporting this to the maintainers of class com.google.common.util.concurrent.AbstractFuture$UnsafeAtomicHelper
WARNING: sun.misc.Unsafe::objectFieldOffset will be removed in a future release
[INFO] Scanning for projects...
[INFO] 
[INFO] ---------------------< com.finances:finances-api >----------------------
[INFO] Building finances-api 0.0.1-SNAPSHOT
[INFO]   from pom.xml
[INFO] --------------------------------[ jar ]---------------------------------
[INFO] 
[INFO] >>> spring-boot:4.0.3:run (default-cli) > test-compile @ finances-api >>>
[INFO] 
[INFO] --- resources:3.3.1:resources (default-resources) @ finances-api ---
[INFO] Copying 1 resource from src\main\resources to target\classes
[INFO] Copying 5 resources from src\main\resources to target\classes
[INFO] 
[INFO] --- compiler:3.14.1:compile (default-compile) @ finances-api ---
[INFO] Nothing to compile - all classes are up to date.
[INFO] 
[INFO] --- resources:3.3.1:testResources (default-testResources) @ finances-api ---
[INFO] skip non existing resourceDirectory C:\dev\finances\finances-api\src\test\resources
[INFO] 
[INFO] --- compiler:3.14.1:testCompile (default-testCompile) @ finances-api ---
[INFO] Nothing to compile - all classes are up to date.
[INFO] 
[INFO] <<< spring-boot:4.0.3:run (default-cli) < test-compile @ finances-api <<<
[INFO]
[INFO]
[INFO] --- spring-boot:4.0.3:run (default-cli) @ finances-api ---
[INFO] Attaching agents: []

  .   ____          _            __ _ _
 /\\ / ___'_ __ _ _(_)_ __  __ _ \ \ \ \
( ( )\___ | '_ | '_| | '_ \/ _` | \ \ \ \
 \\/  ___)| |_)| | | | | || (_| |  ) ) ) )
  '  |____| .__|_| |_|_| |_\__, | / / / /
 =========|_|==============|___/=/_/_/_/

 :: Spring Boot ::                (v4.0.3)

2026-03-09T03:45:40.930-03:00  INFO 19392 --- [finances-api] [           main] c.f.finances_api.FinancesApiApplication  : Starting FinancesApiApplication using Java 25.0.2 with PID 19392 (C:\dev\finances\finances-api\target\classes started by gilgi in C:\dev\finances\finances-api)
2026-03-09T03:45:40.936-03:00  INFO 19392 --- [finances-api] [           main] c.f.finances_api.FinancesApiApplication  : No active profile set, falling back to 1 default profile: "default"
2026-03-09T03:45:42.427-03:00  INFO 19392 --- [finances-api] [           main] .s.d.r.c.RepositoryConfigurationDelegate : Bootstrapping Spring Data JPA repositories in DEFAULT mode.
2026-03-09T03:45:42.548-03:00  INFO 19392 --- [finances-api] [           main] .s.d.r.c.RepositoryConfigurationDelegate : Finished Spring Data repository scanning in 104 ms. Found 4 JPA repository interfaces.
2026-03-09T03:45:43.562-03:00  INFO 19392 --- [finances-api] [           main] o.s.boot.tomcat.TomcatWebServer          : Tomcat initialized with port 8080 (http)
2026-03-09T03:45:43.596-03:00  INFO 19392 --- [finances-api] [           main] o.apache.catalina.core.StandardService   : Starting service [Tomcat]
2026-03-09T03:45:43.597-03:00  INFO 19392 --- [finances-api] [           main] o.apache.catalina.core.StandardEngine    : Starting Servlet engine: [Apache Tomcat/11.0.18]
2026-03-09T03:45:43.755-03:00  INFO 19392 --- [finances-api] [           main] b.w.c.s.WebApplicationContextInitializer : Root WebApplicationContext: initialization completed in 2680 ms
2026-03-09T03:45:44.625-03:00  INFO 19392 --- [finances-api] [           main] com.zaxxer.hikari.HikariDataSource       : HikariPool-1 - Starting...
2026-03-09T03:45:44.869-03:00  INFO 19392 --- [finances-api] [           main] com.zaxxer.hikari.pool.HikariPool        : HikariPool-1 - Added connection org.postgresql.jdbc.PgConnection@42401b81
2026-03-09T03:45:44.871-03:00  INFO 19392 --- [finances-api] [           main] com.zaxxer.hikari.HikariDataSource       : HikariPool-1 - Start completed.
2026-03-09T03:45:44.914-03:00  INFO 19392 --- [finances-api] [           main] org.flywaydb.core.FlywayExecutor         : Database: jdbc:postgresql://localhost:5432/finances_db (PostgreSQL 16.13)
2026-03-09T03:45:45.010-03:00  INFO 19392 --- [finances-api] [           main] o.f.core.internal.command.DbValidate     : Successfully validated 5 migrations (execution time 00:00.049s)
2026-03-09T03:45:45.042-03:00  INFO 19392 --- [finances-api] [           main] o.f.core.internal.command.DbMigrate      : Current version of schema "public": 5
2026-03-09T03:45:45.049-03:00  INFO 19392 --- [finances-api] [           main] o.f.core.internal.command.DbMigrate      : Schema "public" is up to date. No migration necessary.
2026-03-09T03:45:45.211-03:00  INFO 19392 --- [finances-api] [           main] org.hibernate.orm.jpa                    : HHH008540: Processing PersistenceUnitInfo [name: default]
2026-03-09T03:45:45.337-03:00  INFO 19392 --- [finances-api] [           main] org.hibernate.orm.core                   : HHH000001: Hibernate ORM core version 7.2.4.Final
2026-03-09T03:45:46.276-03:00  INFO 19392 --- [finances-api] [           main] o.s.o.j.p.SpringPersistenceUnitInfo      : No LoadTimeWeaver setup: ignoring JPA class transformer
2026-03-09T03:45:46.397-03:00  WARN 19392 --- [finances-api] [           main] org.hibernate.orm.deprecation            : HHH90000025: PostgreSQLDialect does not need to be specified explicitly using 'hibernate.dialect' (remove the property setting and it will be selected by default)
2026-03-09T03:45:46.434-03:00  INFO 19392 --- [finances-api] [           main] org.hibernate.orm.connections.pooling    : HHH10001005: Database info:
        Database JDBC URL [jdbc:postgresql://localhost:5432/finances_db]
        Database driver: PostgreSQL JDBC Driver
        Database dialect: PostgreSQLDialect
        Database version: 16.13
        Default catalog/schema: finances_db/public
        Autocommit mode: undefined/unknown
        Isolation level: READ_COMMITTED [default READ_COMMITTED]
        JDBC fetch size: none
        Pool: DataSourceConnectionProvider
        Minimum pool size: undefined/unknown
        Maximum pool size: undefined/unknown
2026-03-09T03:45:48.085-03:00  INFO 19392 --- [finances-api] [           main] org.hibernate.orm.core                   : HHH000489: No JTA platform available (set 'hibernate.transaction.jta.platform' to enable JTA platform integration)
2026-03-09T03:45:48.202-03:00  INFO 19392 --- [finances-api] [           main] j.LocalContainerEntityManagerFactoryBean : Initialized JPA EntityManagerFactory for persistence unit 'default'
2026-03-09T03:45:48.274-03:00  WARN 19392 --- [finances-api] [           main] JpaBaseConfiguration$JpaWebConfiguration : spring.jpa.open-in-view is enabled by default. Therefore, database queries may be performed during view rendering. Explicitly configure spring.jpa.open-in-view to disable this warning
2026-03-09T03:45:48.403-03:00 TRACE 19392 --- [finances-api] [           main] eGlobalAuthenticationAutowiredConfigurer : Eagerly initializing {org.springframework.boot.security.autoconfigure.web.servlet.ServletWebSecurityAutoConfiguration$EnableWebSecurityConfiguration=org.springframework.boot.security.autoconfigure.web.servlet.ServletWebSecurityAutoConfiguration$EnableWebSecurityConfiguration@4f74edbf}
2026-03-09T03:45:48.412-03:00  WARN 19392 --- [finances-api] [           main] .s.a.UserDetailsServiceAutoConfiguration : 

Using generated security password: 2c612512-74f0-4e7e-8aae-621385fb33b6

This generated password is for development use only. Your security configuration must be updated before running your application in production.

2026-03-09T03:45:48.426-03:00  INFO 19392 --- [finances-api] [           main] r$InitializeUserDetailsManagerConfigurer : Global AuthenticationManager configured with UserDetailsService bean with name inMemoryUserDetailsManager
2026-03-09T03:45:48.628-03:00 DEBUG 19392 --- [finances-api] [           main] o.s.s.web.DefaultSecurityFilterChain     : Will secure any request with filters: DisableEncodeUrlFilter, WebAsyncManagerIntegrationFilter, SecurityContextHolderFilter, HeaderWriterFilter, LogoutFilter, RequestCacheAwareFilter, SecurityContextHolderAwareRequestFilter, AnonymousAuthenticationFilter, ExceptionTranslationFilter, AuthorizationFilter
2026-03-09T03:45:49.194-03:00  INFO 19392 --- [finances-api] [           main] o.s.d.j.r.query.QueryEnhancerFactories   : Hibernate is in classpath; If applicable, HQL parser will be used.
2026-03-09T03:45:49.679-03:00  INFO 19392 --- [finances-api] [           main] o.s.b.a.e.web.EndpointLinksResolver      : Exposing 1 endpoint beneath base path '/actuator'
2026-03-09T03:45:49.842-03:00  INFO 19392 --- [finances-api] [           main] o.s.boot.tomcat.TomcatWebServer          : Tomcat started on port 8080 (http) with context path '/'
2026-03-09T03:45:49.863-03:00  INFO 19392 --- [finances-api] [           main] c.f.finances_api.FinancesApiApplication  : Started FinancesApiApplication in 9.66 seconds (process running for 10.543)